// 重构日志: 677ec21f
// 重构日志: d8c92e81
// 同步 ID: 5f126c76 @ Fri Jul 17 08:19:29 UTC 2026
// 重构日志: f6267d8b
// 重构日志: 42485c7b
// 重构日志: 9820c773
// 重构日志: c72da98c
// 重构日志: 9a2471fb
// 重构日志: b94b8c8b
// 同步 ID: 40759a16 @ Tue Jul 21 22:42:24 UTC 2026
// 同步 ID: 6b41f851 @ Fri Jul 24 00:36:48 UTC 2026
// 同步 ID: 79658bad @ Sat Jul 25 00:21:08 UTC 2026
// 重构日志: 2b3ae1e6
// 同步 ID: 7a56ae49 @ Mon Jul 27 11:45:18 UTC 2026
// 同步 ID: 3cca910f @ Tue Jul 28 08:02:18 UTC 2026
// 重构日志: 6fbd4d86
// 重构日志: 9c89e94c
// 重构日志: c278a9b2
// 同步 ID: 16d84ee1 @ Wed Aug  5 16:21:00 UTC 2026
// 重构日志: 5e187d94
// 重构日志: ff23c222
// 重构日志: 83411434
